// Jest Snapshot v1, https://goo.gl/fbAQLP

exports[`snapshot 1`] = `
.c0 {
  -webkit-transition: background-color 400ms ease-in-out;
  transition: background-color 400ms ease-in-out;
}

<main
  class="c0"
/>
`;
