// Jest Snapshot v1, https://goo.gl/fbAQLP

exports[`snapshot 1`] = `
<div>
  <main
    class="sc-bdVaJa eYFyfX"
  />
</div>
`;
